// Jest Snapshot v1, https://goo.gl/fbAQLP

exports[`<singleItem /> Errors with a not found item 1`] = `
<p
  data-test="graphql-error"
>
  <strong>
    Shoot!
  </strong>
  Items Not Found!
</p>
`;
